Prism Launcher version: 10.0.5 (unknown)


Launched instance in online mode

login.microsoftonline.com resolves to:
    [2603:1026:3000:d8::, 2603:1027:1:d0::4, 2603:1027:1:d8::5, 2603:1026:3000:c8::b, 2603:1026:3000:d0::d, 2603:1027:1:c8::, 2603:1027:1:d0::6, 2603:1026:3000:c8::9, 20.190.159.68, 20.190.159.4, 20.190.159.131, 20.190.159.130, 20.190.159.2, 20.190.159.75, 40.126.31.129, 20.190.159.0]


session.minecraft.net resolves to:
    [2603:1061:14:174::1, 150.171.110.117]


textures.minecraft.net resolves to:
    [2603:1061:14:174::1, 150.171.110.117]


api.mojang.com resolves to:
    [2603:1061:14:174::1, 150.171.110.117]


Minecraft folder is:
/home/********/.local/share/PrismLauncher/instances/1.21.8/minecraft


Java path is:
/home/********/.local/share/PrismLauncher/java/java-runtime-delta/bin/java


Java is version 21.0.7, using 64 (amd64) architecture, from Microsoft.


AMD Ryzen 7 9800X3D 8-Core Processor
Advanced Micro Devices, Inc. [AMD/ATI] Navi 48 [Radeon RX 9070/9070 XT/9070 GRE] (rev c0)

Subsystem: Sapphire Technology Limited Navi 48 XTX [Sapphire Pulse Radeon RX 9070 XT]

Kernel driver in use: amdgpu

Advanced Micro Devices, Inc. [AMD/ATI] Granite Ridge [Radeon Graphics] (rev cb)

Subsystem: Micro-Star International Co., Ltd. [MSI] Device 7e47

Kernel driver in use: amdgpu

OpenGL version string: 4.6 (Compatibility Profile) Mesa 26.0.3-1ubuntu1

Main Class:
  net.fabricmc.loader.impl.launch.knot.KnotClient

Native path:
  /home/********/.local/share/PrismLauncher/instances/1.21.8/natives

Traits:
traits feature:is_quick_play_singleplayer
traits XR:Initial
traits feature:is_quick_play_multiplayer
traits FirstThreadOnMacOS

Libraries:
  /home/********/.local/share/PrismLauncher/libraries/org/lwjgl/lwjgl-freetype-natives-linux/3.3.3/lwjgl-freetype-natives-linux-3.3.3.jar
  /home/********/.local/share/PrismLauncher/libraries/org/lwjgl/lwjgl-freetype/3.3.3/lwjgl-freetype-3.3.3.jar
  /home/********/.local/share/PrismLauncher/libraries/org/lwjgl/lwjgl-glfw-natives-linux/3.3.3/lwjgl-glfw-natives-linux-3.3.3.jar
  /home/********/.local/share/PrismLauncher/libraries/org/lwjgl/lwjgl-glfw/3.3.3/lwjgl-glfw-3.3.3.jar
  /home/********/.local/share/PrismLauncher/libraries/org/lwjgl/lwjgl-jemalloc-natives-linux/3.3.3/lwjgl-jemalloc-natives-linux-3.3.3.jar
  /home/********/.local/share/PrismLauncher/libraries/org/lwjgl/lwjgl-jemalloc/3.3.3/lwjgl-jemalloc-3.3.3.jar
  /home/********/.local/share/PrismLauncher/libraries/org/lwjgl/lwjgl-natives-linux/3.3.3/lwjgl-natives-linux-3.3.3.jar
  /home/********/.local/share/PrismLauncher/libraries/org/lwjgl/lwjgl-openal-natives-linux/3.3.3/lwjgl-openal-natives-linux-3.3.3.jar
  /home/********/.local/share/PrismLauncher/libraries/org/lwjgl/lwjgl-openal/3.3.3/lwjgl-openal-3.3.3.jar
  /home/********/.local/share/PrismLauncher/libraries/org/lwjgl/lwjgl-opengl-natives-linux/3.3.3/lwjgl-opengl-natives-linux-3.3.3.jar
  /home/********/.local/share/PrismLauncher/libraries/org/lwjgl/lwjgl-opengl/3.3.3/lwjgl-opengl-3.3.3.jar
  /home/********/.local/share/PrismLauncher/libraries/org/lwjgl/lwjgl-stb-natives-linux/3.3.3/lwjgl-stb-natives-linux-3.3.3.jar
  /home/********/.local/share/PrismLauncher/libraries/org/lwjgl/lwjgl-stb/3.3.3/lwjgl-stb-3.3.3.jar
  /home/********/.local/share/PrismLauncher/libraries/org/lwjgl/lwjgl-tinyfd-natives-linux/3.3.3/lwjgl-tinyfd-natives-linux-3.3.3.jar
  /home/********/.local/share/PrismLauncher/libraries/org/lwjgl/lwjgl-tinyfd/3.3.3/lwjgl-tinyfd-3.3.3.jar
  /home/********/.local/share/PrismLauncher/libraries/org/lwjgl/lwjgl/3.3.3/lwjgl-3.3.3.jar
  /home/********/.local/share/PrismLauncher/libraries/com/fasterxml/jackson/core/jackson-annotations/2.13.4/jackson-annotations-2.13.4.jar
  /home/********/.local/share/PrismLauncher/libraries/com/fasterxml/jackson/core/jackson-core/2.13.4/jackson-core-2.13.4.jar
  /home/********/.local/share/PrismLauncher/libraries/com/fasterxml/jackson/core/jackson-databind/2.13.4.2/jackson-databind-2.13.4.2.jar
  /home/********/.local/share/PrismLauncher/libraries/com/github/oshi/oshi-core/6.6.5/oshi-core-6.6.5.jar
  /home/********/.local/share/PrismLauncher/libraries/com/github/stephenc/jcip/jcip-annotations/1.0-1/jcip-annotations-1.0-1.jar
  /home/********/.local/share/PrismLauncher/libraries/com/google/code/gson/gson/2.11.0/gson-2.11.0.jar
  /home/********/.local/share/PrismLauncher/libraries/com/google/guava/failureaccess/1.0.2/failureaccess-1.0.2.jar
  /home/********/.local/share/PrismLauncher/libraries/com/google/guava/guava/33.3.1-jre/guava-33.3.1-jre.jar
  /home/********/.local/share/PrismLauncher/libraries/com/ibm/icu/icu4j/76.1/icu4j-76.1.jar
  /home/********/.local/share/PrismLauncher/libraries/com/microsoft/azure/msal4j/1.17.2/msal4j-1.17.2.jar
  /home/********/.local/share/PrismLauncher/libraries/com/mojang/authlib/6.0.58/authlib-6.0.58.jar
  /home/********/.local/share/PrismLauncher/libraries/com/mojang/blocklist/1.0.10/blocklist-1.0.10.jar
  /home/********/.local/share/PrismLauncher/libraries/com/mojang/brigadier/1.3.10/brigadier-1.3.10.jar
  /home/********/.local/share/PrismLauncher/libraries/com/mojang/datafixerupper/8.0.16/datafixerupper-8.0.16.jar
  /home/********/.local/share/PrismLauncher/libraries/com/mojang/jtracy/1.0.29/jtracy-1.0.29.jar
  /home/********/.local/share/PrismLauncher/libraries/com/mojang/jtracy-natives-linux/1.0.29/jtracy-natives-linux-1.0.29.jar
  /home/********/.local/share/PrismLauncher/libraries/com/mojang/logging/1.5.10/logging-1.5.10.jar
  /home/********/.local/share/PrismLauncher/libraries/com/mojang/patchy/2.2.10/patchy-2.2.10.jar
  /home/********/.local/share/PrismLauncher/libraries/com/mojang/text2speech/1.18.11/text2speech-1.18.11.jar
  /home/********/.local/share/PrismLauncher/libraries/com/nimbusds/content-type/2.3/content-type-2.3.jar
  /home/********/.local/share/PrismLauncher/libraries/com/nimbusds/lang-tag/1.7/lang-tag-1.7.jar
  /home/********/.local/share/PrismLauncher/libraries/com/nimbusds/nimbus-jose-jwt/9.40/nimbus-jose-jwt-9.40.jar
  /home/********/.local/share/PrismLauncher/libraries/com/nimbusds/oauth2-oidc-sdk/11.18/oauth2-oidc-sdk-11.18.jar
  /home/********/.local/share/PrismLauncher/libraries/commons-codec/commons-codec/1.17.1/commons-codec-1.17.1.jar
  /home/********/.local/share/PrismLauncher/libraries/commons-io/commons-io/2.17.0/commons-io-2.17.0.jar
  /home/********/.local/share/PrismLauncher/libraries/commons-logging/commons-logging/1.3.4/commons-logging-1.3.4.jar
  /home/********/.local/share/PrismLauncher/libraries/io/netty/netty-buffer/4.1.118.Final/netty-buffer-4.1.118.Final.jar
  /home/********/.local/share/PrismLauncher/libraries/io/netty/netty-codec/4.1.118.Final/netty-codec-4.1.118.Final.jar
  /home/********/.local/share/PrismLauncher/libraries/io/netty/netty-common/4.1.118.Final/netty-common-4.1.118.Final.jar
  /home/********/.local/share/PrismLauncher/libraries/io/netty/netty-handler/4.1.118.Final/netty-handler-4.1.118.Final.jar
  /home/********/.local/share/PrismLauncher/libraries/io/netty/netty-resolver/4.1.118.Final/netty-resolver-4.1.118.Final.jar
  /home/********/.local/share/PrismLauncher/libraries/io/netty/netty-transport-classes-epoll/4.1.118.Final/netty-transport-classes-epoll-4.1.118.Final.jar
  /home/********/.local/share/PrismLauncher/libraries/io/netty/netty-transport-native-epoll/4.1.118.Final/netty-transport-native-epoll-4.1.118.Final-linux-aarch_64.jar
  /home/********/.local/share/PrismLauncher/libraries/io/netty/netty-transport-native-epoll/4.1.118.Final/netty-transport-native-epoll-4.1.118.Final-linux-x86_64.jar
  /home/********/.local/share/PrismLauncher/libraries/io/netty/netty-transport-native-unix-common/4.1.118.Final/netty-transport-native-unix-common-4.1.118.Final.jar
  /home/********/.local/share/PrismLauncher/libraries/io/netty/netty-transport/4.1.118.Final/netty-transport-4.1.118.Final.jar
  /home/********/.local/share/PrismLauncher/libraries/it/unimi/dsi/fastutil/8.5.15/fastutil-8.5.15.jar
  /home/********/.local/share/PrismLauncher/libraries/net/java/dev/jna/jna-platform/5.15.0/jna-platform-5.15.0.jar
  /home/********/.local/share/PrismLauncher/libraries/net/java/dev/jna/jna/5.15.0/jna-5.15.0.jar
  /home/********/.local/share/PrismLauncher/libraries/net/minidev/accessors-smart/2.5.1/accessors-smart-2.5.1.jar
  /home/********/.local/share/PrismLauncher/libraries/net/minidev/json-smart/2.5.1/json-smart-2.5.1.jar
  /home/********/.local/share/PrismLauncher/libraries/net/sf/jopt-simple/jopt-simple/5.0.4/jopt-simple-5.0.4.jar
  /home/********/.local/share/PrismLauncher/libraries/org/apache/commons/commons-compress/1.27.1/commons-compress-1.27.1.jar
  /home/********/.local/share/PrismLauncher/libraries/org/apache/commons/commons-lang3/3.17.0/commons-lang3-3.17.0.jar
  /home/********/.local/share/PrismLauncher/libraries/org/apache/httpcomponents/httpclient/4.5.14/httpclient-4.5.14.jar
  /home/********/.local/share/PrismLauncher/libraries/org/apache/httpcomponents/httpcore/4.4.16/httpcore-4.4.16.jar
  /home/********/.local/share/PrismLauncher/libraries/org/apache/logging/log4j/log4j-api/2.24.1/log4j-api-2.24.1.jar
  /home/********/.local/share/PrismLauncher/libraries/org/apache/logging/log4j/log4j-core/2.24.1/log4j-core-2.24.1.jar
  /home/********/.local/share/PrismLauncher/libraries/org/apache/logging/log4j/log4j-slf4j2-impl/2.24.1/log4j-slf4j2-impl-2.24.1.jar
  /home/********/.local/share/PrismLauncher/libraries/org/jcraft/jorbis/0.0.17/jorbis-0.0.17.jar
  /home/********/.local/share/PrismLauncher/libraries/org/joml/joml/1.10.8/joml-1.10.8.jar
  /home/********/.local/share/PrismLauncher/libraries/org/lz4/lz4-java/1.8.0/lz4-java-1.8.0.jar
  /home/********/.local/share/PrismLauncher/libraries/org/ow2/asm/asm/9.10.1/asm-9.10.1.jar
  /home/********/.local/share/PrismLauncher/libraries/org/slf4j/slf4j-api/2.0.16/slf4j-api-2.0.16.jar
  /home/********/.local/share/PrismLauncher/libraries/net/fabricmc/intermediary/1.21.8/intermediary-1.21.8.jar
  /home/********/.local/share/PrismLauncher/libraries/org/ow2/asm/asm-analysis/9.10.1/asm-analysis-9.10.1.jar
  /home/********/.local/share/PrismLauncher/libraries/org/ow2/asm/asm-commons/9.10.1/asm-commons-9.10.1.jar
  /home/********/.local/share/PrismLauncher/libraries/org/ow2/asm/asm-tree/9.10.1/asm-tree-9.10.1.jar
  /home/********/.local/share/PrismLauncher/libraries/org/ow2/asm/asm-util/9.10.1/asm-util-9.10.1.jar
  /home/********/.local/share/PrismLauncher/libraries/net/fabricmc/sponge-mixin/0.17.3+mixin.0.8.7/sponge-mixin-0.17.3+mixin.0.8.7.jar
  /home/********/.local/share/PrismLauncher/libraries/net/fabricmc/fabric-loader/0.19.3/fabric-loader-0.19.3.jar
  /home/********/.local/share/PrismLauncher/libraries/com/mojang/minecraft/1.21.8/minecraft-1.21.8-client.jar

Native libraries:

Mods:
  [✔] architectury-17.0.8-fabric
  [✔] fabric-api-0.136.1+1.21.8
  [✔] ForgeConfigAPIPort-v21.8.2-1.21.8-Fabric
  [✔] improvedmapcolors-fabric-1.0.0
  [✔] voicechat-fabric-1.21.8-2.6.20

Params:
  --username  --version 1.21.8 --gameDir /home/********/.local/share/PrismLauncher/instances/1.21.8/minecraft --assetsDir /home/********/.local/share/PrismLauncher/assets --assetIndex 26 --uuid  --accessToken  --userType  --versionType release

Window size: 854 x 480

Launcher: standard

Java Arguments:
[-Xms512m, -Xmx4096m, -Duser.language=en]


Minecraft process ID: 7115


[02:27:57] [main/INFO]: Loading Minecraft 1.21.8 with Fabric Loader 0.19.3
[02:27:57] [main/WARN]: Warnings were found!
 - Mod 'Forge Config API Port' (forgeconfigapiport) 21.8.2 recommends any version of modmenu, which is missing!
	 - You should install any version of modmenu for the optimal experience.
[02:27:57] [main/INFO]: Loading 55 mods:
	- architectury 17.0.8
	- fabric-api 0.136.1+1.21.8
	   |-- fabric-api-base 0.5.0+cd8c0daa2c
	   |-- fabric-api-lookup-api-v1 1.6.101+946bf4c32c
	   |-- fabric-biome-api-v1 16.1.0+c21d71cc2c
	   |-- fabric-block-api-v1 1.1.3+946bf4c32c
	   |-- fabric-block-view-api-v2 1.0.31+946bf4c32c
	   |-- fabric-command-api-v2 2.3.1+52fff9ec2c
	   |-- fabric-content-registries-v0 10.1.0+c75de69d2c
	   |-- fabric-convention-tags-v1 2.1.41+7f945d5b2c
	   |-- fabric-convention-tags-v2 2.15.6+eb5df52f2c
	   |-- fabric-crash-report-info-v1 0.3.15+946bf4c32c
	   |-- fabric-data-attachment-api-v1 1.8.14+97214db32c
	   |-- fabric-data-generation-api-v1 23.2.8+2e1c6d322c
	   |-- fabric-dimensions-v1 4.0.20+948fc79a2c
	   |-- fabric-entity-events-v1 2.1.2+c9e472732c
	   |-- fabric-events-interaction-v0 4.0.26+946bf4c32c
	   |-- fabric-game-rule-api-v1 1.0.73+c64c9c5b2c
	   |-- fabric-item-api-v1 11.5.0+02ce13f42c
	   |-- fabric-item-group-api-v1 4.2.14+c5f9bbc12c
	   |-- fabric-key-binding-api-v1 1.0.65+946bf4c32c
	   |-- fabric-lifecycle-events-v1 2.6.4+db4dfd852c
	   |-- fabric-loot-api-v2 3.0.56+3f89f5a52c
	   |-- fabric-loot-api-v3 2.0.3+946bf4c32c
	   |-- fabric-message-api-v1 6.1.2+946bf4c32c
	   |-- fabric-model-loading-api-v1 5.2.8+946bf4c32c
	   |-- fabric-networking-api-v1 5.1.0+57cb96dd2c
	   |-- fabric-object-builder-api-v1 21.1.10+946bf4c32c
	   |-- fabric-particles-v1 4.1.10+946bf4c32c
	   |-- fabric-recipe-api-v1 8.1.17+946bf4c32c
	   |-- fabric-registry-sync-v0 6.1.30+946bf4c32c
	   |-- fabric-renderer-api-v1 7.0.5+208eed172c
	   |-- fabric-renderer-indigo 4.0.5+946bf4c32c
	   |-- fabric-rendering-fluids-v1 3.1.31+fa6cb72b2c
	   |-- fabric-rendering-v1 12.6.0+486b7ff72c
	   |-- fabric-resource-conditions-api-v1 5.0.25+98e6d6db2c
	   |-- fabric-resource-loader-v0 3.1.12+020423442c
	   |-- fabric-screen-api-v1 2.2.0+e0cb65d02c
	   |-- fabric-screen-handler-api-v1 1.3.139+946bf4c32c
	   |-- fabric-serialization-api-v1 1.0.0+fc0e5aba2c
	   |-- fabric-sound-api-v1 1.0.42+946bf4c32c
	   |-- fabric-tag-api-v1 1.2.2+946bf4c32c
	   |-- fabric-transfer-api-v1 6.0.6+946bf4c32c
	   \-- fabric-transitive-access-wideners-v1 6.5.0+c847ce762c
	- fabricloader 0.19.3
	   \-- mixinextras 0.5.4
	- forgeconfigapiport 21.8.2
	   |-- com_electronwill_night-config_core 3.8.3
	   \-- com_electronwill_night-config_toml 3.8.3
	- improvedmapcolors 1.0.0
	   \-- com_opencsv_opencsv 5.12.0
	- java 21
	- minecraft 1.21.8
	- voicechat 1.21.8-2.6.20
	   \-- voicechat_api 2.6.20
[02:27:57] [main/INFO]: SpongePowered MIXIN Subsystem Version=0.8.7 Source=file:/home/********/.local/share/PrismLauncher/libraries/net/fabricmc/sponge-mixin/0.17.3+mixin.0.8.7/sponge-mixin-0.17.3+mixin.0.8.7.jar Service=Knot/Fabric Env=CLIENT
[02:27:57] [main/INFO]: Compatibility level set to JAVA_16
[02:27:57] [main/INFO]: Compatibility level set to JAVA_21
[02:27:57] [main/WARN]: Reference map 'forgeconfigapiport.common.refmap.json' for forgeconfigapiport.common.mixins.json could not be read. If this is a development environment you can ignore this message
[02:27:57] [main/INFO]: Initializing MixinExtras via com.llamalad7.mixinextras.service.MixinExtrasServiceImpl(version=0.5.4).
[02:27:58] [Datafixer Bootstrap/INFO]: 269 Datafixer optimizations took 131 milliseconds
[02:28:00] [Render thread/INFO]: Environment: Environment[sessionHost=https://sessionserver.mojang.com, servicesHost=https://api.minecraftservices.com, name=PROD]
[02:28:00] [Render thread/INFO]: Setting user: Futiax_TV
[02:28:00] [Render thread/INFO]: Reloading Config!
[02:28:00] [Render thread/INFO]: [voicechat] Compatibility version 20
[02:28:00] [Render thread/INFO]: [voicechat] Loading plugins
[02:28:00] [Render thread/INFO]: [voicechat] Loaded 0 plugin(s)
[02:28:00] [Render thread/INFO]: [voicechat] Initializing plugins
[02:28:00] [Render thread/INFO]: [voicechat] Initialized 0 plugin(s)
[02:28:00] [Render thread/INFO]: Registering S2C receiver with id architectury:spawn_entity_packet
[02:28:00] [Render thread/INFO]: [Indigo] Registering Indigo renderer!
[02:28:00] [Render thread/INFO]: [voicechat] Initializing Opus
[02:28:00] [Render thread/INFO]: [voicechat] Successfully initialized Opus
[02:28:00] [Render thread/INFO]: [voicechat] Initializing RNNoise
[02:28:00] [Render thread/INFO]: [voicechat] Successfully initialized RNNoise
[02:28:00] [Render thread/INFO]: [voicechat] Initializing Speex
[02:28:00] [Render thread/INFO]: [voicechat] Successfully initialized Speex
[02:28:00] [Render thread/INFO]: [voicechat] Initializing LAME
[02:28:00] [Render thread/INFO]: [voicechat] Successfully initialized LAME
[02:28:00] [Render thread/INFO]: Backend library: LWJGL version 3.3.3-snapshot
[02:28:01] [Render thread/INFO]: Using optional rendering extensions: GL_ARB_buffer_storage, GL_KHR_debug, GL_ARB_vertex_attrib_binding, GL_ARB_direct_state_access
[W][02:28:01.188616] pw.conf      | [          conf.c: 1204 pw_conf_load_conf_for_context()] setting config.name to client-rt.conf is deprecated, using client.conf
[02:28:01] [Render thread/INFO]: Reloading ResourceManager: vanilla, fabric, fabric-api, fabric-api-base, fabric-api-lookup-api-v1, fabric-biome-api-v1, fabric-block-api-v1, fabric-block-view-api-v2, fabric-command-api-v2, fabric-content-registries-v0, fabric-convention-tags-v1, fabric-convention-tags-v2, fabric-crash-report-info-v1, fabric-data-attachment-api-v1, fabric-data-generation-api-v1, fabric-dimensions-v1, fabric-entity-events-v1, fabric-events-interaction-v0, fabric-game-rule-api-v1, fabric-item-api-v1, fabric-item-group-api-v1, fabric-key-binding-api-v1, fabric-lifecycle-events-v1, fabric-loot-api-v2, fabric-loot-api-v3, fabric-message-api-v1, fabric-model-loading-api-v1, fabric-networking-api-v1, fabric-object-builder-api-v1, fabric-particles-v1, fabric-recipe-api-v1, fabric-registry-sync-v0, fabric-renderer-api-v1, fabric-renderer-indigo, fabric-rendering-fluids-v1, fabric-rendering-v1, fabric-resource-conditions-api-v1, fabric-resource-loader-v0, fabric-screen-api-v1, fabric-screen-handler-api-v1, fabric-serialization-api-v1, fabric-sound-api-v1, fabric-tag-api-v1, fabric-transfer-api-v1, fabric-transitive-access-wideners-v1, fabricloader, forgeconfigapiport, improvedmapcolors, voicechat
[02:28:01] [Worker-Main-10/INFO]: Found unifont_pua-16.0.03.hex, loading
[02:28:01] [Worker-Main-7/INFO]: Found unifont_all_no_pua-16.0.03.hex, loading
[02:28:01] [Worker-Main-9/INFO]: Found unifont_jp_patch-16.0.03.hex, loading
[02:28:01] [Render thread/INFO]: OpenAL initialized on device Arctis Nova Pro Wireless Analog Stereo
[02:28:01] [Render thread/INFO]: Sound engine started
[02:28:01] [Render thread/INFO]: Created: 1024x512x4 minecraft:textures/atlas/blocks.png-atlas
[02:28:01] [Render thread/INFO]: Created: 256x256x4 minecraft:textures/atlas/signs.png-atlas
[02:28:01] [Render thread/INFO]: Created: 512x512x4 minecraft:textures/atlas/banner_patterns.png-atlas
[02:28:01] [Render thread/INFO]: Created: 512x512x4 minecraft:textures/atlas/shield_patterns.png-atlas
[02:28:01] [Render thread/INFO]: Created: 2048x1024x4 minecraft:textures/atlas/armor_trims.png-atlas
[02:28:01] [Render thread/INFO]: Created: 256x256x4 minecraft:textures/atlas/chest.png-atlas
[02:28:01] [Render thread/INFO]: Created: 128x64x4 minecraft:textures/atlas/decorated_pot.png-atlas
[02:28:01] [Render thread/INFO]: Created: 512x256x4 minecraft:textures/atlas/beds.png-atlas
[02:28:01] [Render thread/INFO]: Created: 512x256x4 minecraft:textures/atlas/shulker_boxes.png-atlas
[02:28:01] [Render thread/INFO]: Created: 64x64x0 minecraft:textures/atlas/map_decorations.png-atlas
[02:28:01] [Render thread/INFO]: Created: 512x256x0 minecraft:textures/atlas/particles.png-atlas
[02:28:01] [Render thread/INFO]: Created: 512x256x0 minecraft:textures/atlas/paintings.png-atlas
[02:28:01] [Render thread/INFO]: Created: 1024x512x0 minecraft:textures/atlas/gui.png-atlas
[03:06:51] [Render thread/INFO]: Connecting to 82.64.36.59, 25565
[03:06:54] [Render thread/INFO]: [voicechat] Sending secret request to the server
[03:06:54] [Render thread/INFO]: [System] [CHAT] Futiax_TV joined the game
[03:06:55] [Render thread/INFO]: Resizing Dynamic Transforms UBO, capacity limit of 2 reached during a single frame. New capacity will be 4.
[03:06:55] [Render thread/INFO]: Resizing Dynamic Transforms UBO, capacity limit of 4 reached during a single frame. New capacity will be 8.
[03:06:55] [Render thread/INFO]: Loaded 72 advancements
[03:06:55] [Render thread/INFO]: [voicechat] Received secret
[03:06:55] [Render thread/INFO]: [voicechat] Connecting to voice chat server: '82.64.36.59:24454'
[03:06:55] [VoiceChatAuthenticationThread/INFO]: [voicechat] Trying to authenticate voice chat connection
[03:06:55] [VoiceChatConnectionThread/INFO]: [voicechat] Server acknowledged authentication
[03:06:55] [Render thread/INFO]: Resizing Dynamic Transforms UBO, capacity limit of 8 reached during a single frame. New capacity will be 16.
[03:06:55] [Render thread/INFO]: Resizing Dynamic Transforms UBO, capacity limit of 16 reached during a single frame. New capacity will be 32.
[03:06:55] [Render thread/INFO]: Resizing Dynamic Transforms UBO, capacity limit of 32 reached during a single frame. New capacity will be 64.
[03:06:55] [Render thread/INFO]: Resizing Dynamic Transforms UBO, capacity limit of 64 reached during a single frame. New capacity will be 128.
[03:06:55] [Render thread/INFO]: Resizing Dynamic Transforms UBO, capacity limit of 128 reached during a single frame. New capacity will be 256.
[03:06:56] [VoiceChatAuthenticationThread/INFO]: [voicechat] Trying to validate voice chat connection
[03:06:56] [VoiceChatConnectionThread/INFO]: [voicechat] Server acknowledged connection check
[03:06:56] [Render thread/INFO]: Resizing Dynamic Transforms UBO, capacity limit of 256 reached during a single frame. New capacity will be 512.
[03:06:58] [Render thread/INFO]: Resizing Dynamic Transforms UBO, capacity limit of 512 reached during a single frame. New capacity will be 1024.
[03:07:06] [Render thread/INFO]: [System] [CHAT] [MinecraftVideo] Audio mode saved: surround — 5 speakers: front L/C/R at the screen, rears behind the audience. Applies to the next /video play.
[03:07:28] [Render thread/INFO]: Resizing Dynamic Transforms UBO, capacity limit of 1024 reached during a single frame. New capacity will be 2048.
[03:12:07] [Render thread/INFO]: [System] [CHAT] [MinecraftVideo] Starting https://archive.org/details/5.1SurroundSoundTestFilesVariousFormatsAACAC3MP4DTSWAV/5.1+Surround+Sound+AAC+Test.mp4 on a 4x3 screen at 10 fps...
[03:12:11] [VoiceChatConnectionThread/INFO]: [voicechat] Creating audio channel cd1534a0-083e-4759-9ef8-d06678f2caac
[03:12:11] [VoiceChatConnectionThread/INFO]: [voicechat] Creating audio channel 3c8fddd9-dead-4e2a-a875-07f0bcd2a892
[03:12:11] [VoiceChatConnectionThread/INFO]: [voicechat] Creating audio channel 4b0f16f9-27a5-4075-a27f-402db92f3964
[03:12:11] [VoiceChatConnectionThread/INFO]: [voicechat] Creating audio channel ae85e818-2f45-4c60-8448-44145523de8a
[03:12:11] [VoiceChatConnectionThread/INFO]: [voicechat] Creating audio channel 01b8735a-e051-425c-b382-c8450f5343a3
[03:12:12] [Render thread/INFO]: [System] [CHAT] [MinecraftVideo] Video finished.
[03:12:49] [Render thread/INFO]: [System] [CHAT] [MinecraftVideo] Starting https://dn711107.ca.archive.org/0/items/5.1SurroundSoundTestFilesVariousFormatsAACAC3MP4DTSWAV/surroundTest.mp4 on a 4x3 screen at 10 fps...
[03:12:53] [VoiceChatConnectionThread/INFO]: [voicechat] Creating audio channel d0dd6d67-c696-4d5b-8d92-8f1b26dba4bc
[03:12:53] [VoiceChatConnectionThread/INFO]: [voicechat] Closing audio channel cd1534a0-083e-4759-9ef8-d06678f2caac
[03:12:53] [AudioChannelThread-cd1534a0-083e-4759-9ef8-d06678f2caac/INFO]: [voicechat] Closed audio channel cd1534a0-083e-4759-9ef8-d06678f2caac
[03:12:53] [VoiceChatConnectionThread/INFO]: [voicechat] Closing audio channel 3c8fddd9-dead-4e2a-a875-07f0bcd2a892
[03:12:53] [AudioChannelThread-3c8fddd9-dead-4e2a-a875-07f0bcd2a892/INFO]: [voicechat] Closed audio channel 3c8fddd9-dead-4e2a-a875-07f0bcd2a892
[03:12:53] [VoiceChatConnectionThread/INFO]: [voicechat] Closing audio channel 01b8735a-e051-425c-b382-c8450f5343a3
[03:12:53] [AudioChannelThread-01b8735a-e051-425c-b382-c8450f5343a3/INFO]: [voicechat] Closed audio channel 01b8735a-e051-425c-b382-c8450f5343a3
[03:12:53] [VoiceChatConnectionThread/INFO]: [voicechat] Closing audio channel ae85e818-2f45-4c60-8448-44145523de8a
[03:12:53] [AudioChannelThread-ae85e818-2f45-4c60-8448-44145523de8a/INFO]: [voicechat] Closed audio channel ae85e818-2f45-4c60-8448-44145523de8a
[03:12:53] [VoiceChatConnectionThread/INFO]: [voicechat] Closing audio channel 4b0f16f9-27a5-4075-a27f-402db92f3964
[03:12:53] [AudioChannelThread-4b0f16f9-27a5-4075-a27f-402db92f3964/INFO]: [voicechat] Closed audio channel 4b0f16f9-27a5-4075-a27f-402db92f3964
[03:12:53] [VoiceChatConnectionThread/INFO]: [voicechat] Creating audio channel 90bf3f54-7f60-41a6-aaf3-5f19397fb3b7
[03:12:53] [VoiceChatConnectionThread/INFO]: [voicechat] Creating audio channel 51bdfe95-9609-42eb-9be3-c696704c3cdc
[03:12:53] [VoiceChatConnectionThread/INFO]: [voicechat] Creating audio channel e1b8d48d-6b99-498b-bef5-59e52a2ec854
[03:12:53] [VoiceChatConnectionThread/INFO]: [voicechat] Creating audio channel 2780995b-fefc-4a39-9372-cbff5aa6895c
[03:12:57] [SoundSourceThread-90bf3f54-7f60-41a6-aaf3-5f19397fb3b7/WARN]: [voicechat] Full playback buffer: 32/32
[03:12:58] [SoundSourceThread-d0dd6d67-c696-4d5b-8d92-8f1b26dba4bc/WARN]: [voicechat] Full playback buffer: 32/32
[03:13:03] [Render thread/INFO]: [System] [CHAT] [MinecraftVideo] Video finished.
[03:13:20] [Render thread/INFO]: [System] [CHAT] [MinecraftVideo] Options saved: 5x4 maps @ 20 fps — used by /video play.
[03:13:27] [Render thread/INFO]: [System] [CHAT] [MinecraftVideo] Starting https://dn711107.ca.archive.org/0/items/5.1SurroundSoundTestFilesVariousFormatsAACAC3MP4DTSWAV/surroundTest.mp4 on a 5x4 screen at 20 fps...
[03:13:30] [VoiceChatConnectionThread/INFO]: [voicechat] Creating audio channel f092f923-435b-4661-97da-01f0cba7bc24
[03:13:30] [VoiceChatConnectionThread/INFO]: [voicechat] Creating audio channel 04767a75-1c3f-4ad3-b454-2fddf9788c1d
[03:13:30] [VoiceChatConnectionThread/INFO]: [voicechat] Creating audio channel 882209ff-c5d0-482b-93f6-c0f94afd1a9f
[03:13:30] [VoiceChatConnectionThread/INFO]: [voicechat] Creating audio channel 603bb92b-7bba-4acd-86c3-b5341ea4e803
[03:13:30] [VoiceChatConnectionThread/INFO]: [voicechat] Creating audio channel 4261fb91-ea5a-47e8-811c-1a1b1511a0a1
[03:13:31] [VoiceChatConnectionThread/INFO]: [voicechat] Closing audio channel d0dd6d67-c696-4d5b-8d92-8f1b26dba4bc
[03:13:31] [AudioChannelThread-d0dd6d67-c696-4d5b-8d92-8f1b26dba4bc/INFO]: [voicechat] Closed audio channel d0dd6d67-c696-4d5b-8d92-8f1b26dba4bc
[03:13:31] [VoiceChatConnectionThread/INFO]: [voicechat] Closing audio channel e1b8d48d-6b99-498b-bef5-59e52a2ec854
[03:13:31] [AudioChannelThread-e1b8d48d-6b99-498b-bef5-59e52a2ec854/INFO]: [voicechat] Closed audio channel e1b8d48d-6b99-498b-bef5-59e52a2ec854
[03:13:31] [VoiceChatConnectionThread/INFO]: [voicechat] Closing audio channel 51bdfe95-9609-42eb-9be3-c696704c3cdc
[03:13:31] [AudioChannelThread-51bdfe95-9609-42eb-9be3-c696704c3cdc/INFO]: [voicechat] Closed audio channel 51bdfe95-9609-42eb-9be3-c696704c3cdc
[03:13:31] [VoiceChatConnectionThread/INFO]: [voicechat] Closing audio channel 90bf3f54-7f60-41a6-aaf3-5f19397fb3b7
[03:13:31] [AudioChannelThread-90bf3f54-7f60-41a6-aaf3-5f19397fb3b7/INFO]: [voicechat] Closed audio channel 90bf3f54-7f60-41a6-aaf3-5f19397fb3b7
[03:13:31] [VoiceChatConnectionThread/INFO]: [voicechat] Closing audio channel 2780995b-fefc-4a39-9372-cbff5aa6895c
[03:13:31] [AudioChannelThread-2780995b-fefc-4a39-9372-cbff5aa6895c/INFO]: [voicechat] Closed audio channel 2780995b-fefc-4a39-9372-cbff5aa6895c
[03:13:41] [Render thread/INFO]: [System] [CHAT] [MinecraftVideo] Video finished.
[03:13:47] [Render thread/INFO]: [System] [CHAT] [MinecraftVideo] Starting https://dn711107.ca.archive.org/0/items/5.1SurroundSoundTestFilesVariousFormatsAACAC3MP4DTSWAV/surroundTest.mp4 on a 5x4 screen at 20 fps...
[03:13:51] [VoiceChatConnectionThread/INFO]: [voicechat] Creating audio channel 94173503-d38c-47dc-97d1-3ca9eb138f77
[03:13:51] [VoiceChatConnectionThread/INFO]: [voicechat] Creating audio channel b2cbe83d-27a0-4029-9d90-113dd0a31a02
[03:13:51] [VoiceChatConnectionThread/INFO]: [voicechat] Creating audio channel 06b298dd-4103-4c19-ad94-b9bfdbd21861
[03:13:51] [VoiceChatConnectionThread/INFO]: [voicechat] Creating audio channel e1f762c7-014f-49a8-a4fd-9674bc9de63c
[03:13:51] [VoiceChatConnectionThread/INFO]: [voicechat] Creating audio channel 6008cab8-4e77-4d61-88a4-4d9f148ee50e
[03:14:01] [Render thread/INFO]: [System] [CHAT] [MinecraftVideo] Video finished.
[03:14:36] [Render thread/INFO]: [System] [CHAT] [MinecraftVideo] Starting https://dn711107.ca.archive.org/0/items/5.1SurroundSoundTestFilesVariousFormatsAACAC3MP4DTSWAV/Splash.mp4 on a 5x4 screen at 20 fps...
[03:14:40] [VoiceChatConnectionThread/INFO]: [voicechat] Creating audio channel eccf18eb-cac0-43e5-8f5c-9d561d383152
[03:14:40] [VoiceChatConnectionThread/INFO]: [voicechat] Closing audio channel f092f923-435b-4661-97da-01f0cba7bc24
[03:14:40] [AudioChannelThread-f092f923-435b-4661-97da-01f0cba7bc24/INFO]: [voicechat] Closed audio channel f092f923-435b-4661-97da-01f0cba7bc24
[03:14:40] [VoiceChatConnectionThread/INFO]: [voicechat] Closing audio channel 04767a75-1c3f-4ad3-b454-2fddf9788c1d
[03:14:40] [AudioChannelThread-04767a75-1c3f-4ad3-b454-2fddf9788c1d/INFO]: [voicechat] Closed audio channel 04767a75-1c3f-4ad3-b454-2fddf9788c1d
[03:14:40] [VoiceChatConnectionThread/INFO]: [voicechat] Closing audio channel b2cbe83d-27a0-4029-9d90-113dd0a31a02
[03:14:40] [AudioChannelThread-b2cbe83d-27a0-4029-9d90-113dd0a31a02/INFO]: [voicechat] Closed audio channel b2cbe83d-27a0-4029-9d90-113dd0a31a02
[03:14:40] [VoiceChatConnectionThread/INFO]: [voicechat] Closing audio channel 4261fb91-ea5a-47e8-811c-1a1b1511a0a1
[03:14:40] [AudioChannelThread-4261fb91-ea5a-47e8-811c-1a1b1511a0a1/INFO]: [voicechat] Closed audio channel 4261fb91-ea5a-47e8-811c-1a1b1511a0a1
[03:14:40] [VoiceChatConnectionThread/INFO]: [voicechat] Closing audio channel 603bb92b-7bba-4acd-86c3-b5341ea4e803
[03:14:40] [AudioChannelThread-603bb92b-7bba-4acd-86c3-b5341ea4e803/INFO]: [voicechat] Closed audio channel 603bb92b-7bba-4acd-86c3-b5341ea4e803
[03:14:40] [VoiceChatConnectionThread/INFO]: [voicechat] Closing audio channel 94173503-d38c-47dc-97d1-3ca9eb138f77
[03:14:40] [AudioChannelThread-94173503-d38c-47dc-97d1-3ca9eb138f77/INFO]: [voicechat] Closed audio channel 94173503-d38c-47dc-97d1-3ca9eb138f77
[03:14:40] [VoiceChatConnectionThread/INFO]: [voicechat] Closing audio channel 882209ff-c5d0-482b-93f6-c0f94afd1a9f
[03:14:40] [AudioChannelThread-882209ff-c5d0-482b-93f6-c0f94afd1a9f/INFO]: [voicechat] Closed audio channel 882209ff-c5d0-482b-93f6-c0f94afd1a9f
[03:14:40] [VoiceChatConnectionThread/INFO]: [voicechat] Closing audio channel 06b298dd-4103-4c19-ad94-b9bfdbd21861
[03:14:40] [AudioChannelThread-06b298dd-4103-4c19-ad94-b9bfdbd21861/INFO]: [voicechat] Closed audio channel 06b298dd-4103-4c19-ad94-b9bfdbd21861
[03:14:40] [VoiceChatConnectionThread/INFO]: [voicechat] Closing audio channel 6008cab8-4e77-4d61-88a4-4d9f148ee50e
[03:14:40] [AudioChannelThread-6008cab8-4e77-4d61-88a4-4d9f148ee50e/INFO]: [voicechat] Closed audio channel 6008cab8-4e77-4d61-88a4-4d9f148ee50e
[03:14:40] [VoiceChatConnectionThread/INFO]: [voicechat] Closing audio channel e1f762c7-014f-49a8-a4fd-9674bc9de63c
[03:14:40] [AudioChannelThread-e1f762c7-014f-49a8-a4fd-9674bc9de63c/INFO]: [voicechat] Closed audio channel e1f762c7-014f-49a8-a4fd-9674bc9de63c
[03:14:40] [VoiceChatConnectionThread/INFO]: [voicechat] Creating audio channel 70f61397-ce28-4605-96b4-fb1c476d1a5e
[03:14:40] [VoiceChatConnectionThread/INFO]: [voicechat] Creating audio channel ad9d6c69-c395-4568-b756-980fdd7a5299
[03:14:40] [VoiceChatConnectionThread/INFO]: [voicechat] Creating audio channel af72f160-b86c-4375-9e43-d38c3d27a386
[03:14:40] [VoiceChatConnectionThread/INFO]: [voicechat] Creating audio channel e91eef2b-6270-4974-9019-31bd58c7d0b5
[03:15:01] [Render thread/INFO]: [System] [CHAT] [MinecraftVideo] Video finished.
[03:15:21] [Render thread/INFO]: [System] [CHAT] [MinecraftVideo] Starting https://dn711107.ca.archive.org/0/items/5.1SurroundSoundTestFilesVariousFormatsAACAC3MP4DTSWAV/Splash.mp4 on a 5x4 screen at 20 fps...
[03:15:24] [VoiceChatConnectionThread/INFO]: [voicechat] Creating audio channel 192daedc-d2d6-4dda-9d18-a201b53b1e00
[03:15:24] [VoiceChatConnectionThread/INFO]: [voicechat] Creating audio channel 1b46d325-4195-4fed-8c2e-98c86acb9ed2
[03:15:24] [VoiceChatConnectionThread/INFO]: [voicechat] Creating audio channel 5004de17-6146-443a-85d6-a2bf554e845f
[03:15:24] [VoiceChatConnectionThread/INFO]: [voicechat] Creating audio channel ae882ba0-2adc-4064-a19e-04d88ae4c1fa
[03:15:24] [VoiceChatConnectionThread/INFO]: [voicechat] Creating audio channel f3a6153a-ce64-4ac9-8b5a-de852050531e
[03:15:31] [VoiceChatConnectionThread/INFO]: [voicechat] Closing audio channel eccf18eb-cac0-43e5-8f5c-9d561d383152
[03:15:31] [AudioChannelThread-eccf18eb-cac0-43e5-8f5c-9d561d383152/INFO]: [voicechat] Closed audio channel eccf18eb-cac0-43e5-8f5c-9d561d383152
[03:15:31] [VoiceChatConnectionThread/INFO]: [voicechat] Closing audio channel 70f61397-ce28-4605-96b4-fb1c476d1a5e
[03:15:31] [AudioChannelThread-70f61397-ce28-4605-96b4-fb1c476d1a5e/INFO]: [voicechat] Closed audio channel 70f61397-ce28-4605-96b4-fb1c476d1a5e
[03:15:31] [VoiceChatConnectionThread/INFO]: [voicechat] Closing audio channel ad9d6c69-c395-4568-b756-980fdd7a5299
[03:15:31] [AudioChannelThread-ad9d6c69-c395-4568-b756-980fdd7a5299/INFO]: [voicechat] Closed audio channel ad9d6c69-c395-4568-b756-980fdd7a5299
[03:15:31] [VoiceChatConnectionThread/INFO]: [voicechat] Closing audio channel af72f160-b86c-4375-9e43-d38c3d27a386
[03:15:31] [AudioChannelThread-af72f160-b86c-4375-9e43-d38c3d27a386/INFO]: [voicechat] Closed audio channel af72f160-b86c-4375-9e43-d38c3d27a386
[03:15:31] [VoiceChatConnectionThread/INFO]: [voicechat] Closing audio channel e91eef2b-6270-4974-9019-31bd58c7d0b5
[03:15:31] [AudioChannelThread-e91eef2b-6270-4974-9019-31bd58c7d0b5/INFO]: [voicechat] Closed audio channel e91eef2b-6270-4974-9019-31bd58c7d0b5
[03:15:46] [Render thread/INFO]: [System] [CHAT] [MinecraftVideo] Video finished.
[03:15:58] [Render thread/INFO]: [System] [CHAT] [MinecraftVideo] Audio mode saved: stereo — L/R anchored to the screen edges. Applies to the next /video play.
[03:16:00] [Render thread/INFO]: [System] [CHAT] [MinecraftVideo] Starting https://dn711107.ca.archive.org/0/items/5.1SurroundSoundTestFilesVariousFormatsAACAC3MP4DTSWAV/Splash.mp4 on a 5x4 screen at 20 fps...
[03:16:04] [VoiceChatConnectionThread/INFO]: [voicechat] Creating audio channel 8ec6aba2-80f5-47d5-9db4-cf85706314ae
[03:16:04] [VoiceChatConnectionThread/INFO]: [voicechat] Creating audio channel 6c76a435-8b75-4b89-8524-35b09797d140
[03:16:15] [VoiceChatConnectionThread/INFO]: [voicechat] Closing audio channel f3a6153a-ce64-4ac9-8b5a-de852050531e
[03:16:15] [AudioChannelThread-f3a6153a-ce64-4ac9-8b5a-de852050531e/INFO]: [voicechat] Closed audio channel f3a6153a-ce64-4ac9-8b5a-de852050531e
[03:16:15] [VoiceChatConnectionThread/INFO]: [voicechat] Closing audio channel 1b46d325-4195-4fed-8c2e-98c86acb9ed2
[03:16:15] [AudioChannelThread-1b46d325-4195-4fed-8c2e-98c86acb9ed2/INFO]: [voicechat] Closed audio channel 1b46d325-4195-4fed-8c2e-98c86acb9ed2
[03:16:15] [VoiceChatConnectionThread/INFO]: [voicechat] Closing audio channel 5004de17-6146-443a-85d6-a2bf554e845f
[03:16:15] [AudioChannelThread-5004de17-6146-443a-85d6-a2bf554e845f/INFO]: [voicechat] Closed audio channel 5004de17-6146-443a-85d6-a2bf554e845f
[03:16:15] [VoiceChatConnectionThread/INFO]: [voicechat] Closing audio channel ae882ba0-2adc-4064-a19e-04d88ae4c1fa
[03:16:15] [AudioChannelThread-ae882ba0-2adc-4064-a19e-04d88ae4c1fa/INFO]: [voicechat] Closed audio channel ae882ba0-2adc-4064-a19e-04d88ae4c1fa
[03:16:15] [VoiceChatConnectionThread/INFO]: [voicechat] Closing audio channel 192daedc-d2d6-4dda-9d18-a201b53b1e00
[03:16:15] [AudioChannelThread-192daedc-d2d6-4dda-9d18-a201b53b1e00/INFO]: [voicechat] Closed audio channel 192daedc-d2d6-4dda-9d18-a201b53b1e00
[03:16:25] [Render thread/INFO]: [System] [CHAT] [MinecraftVideo] Video finished.
[03:16:34] [Render thread/INFO]: [System] [CHAT] [MinecraftVideo] Starting https://dn711107.ca.archive.org/0/items/5.1SurroundSoundTestFilesVariousFormatsAACAC3MP4DTSWAV/Splash.mp4 on a 5x4 screen at 20 fps...
[03:16:37] [VoiceChatConnectionThread/INFO]: [voicechat] Creating audio channel a9e15f39-88fe-4cda-80cc-4c020b57aeda
[03:16:37] [VoiceChatConnectionThread/INFO]: [voicechat] Creating audio channel 5d3c1b8c-2401-407b-a197-e214dc4441ee
[03:16:55] [VoiceChatConnectionThread/INFO]: [voicechat] Closing audio channel 8ec6aba2-80f5-47d5-9db4-cf85706314ae
[03:16:55] [AudioChannelThread-8ec6aba2-80f5-47d5-9db4-cf85706314ae/INFO]: [voicechat] Closed audio channel 8ec6aba2-80f5-47d5-9db4-cf85706314ae
[03:16:55] [VoiceChatConnectionThread/INFO]: [voicechat] Closing audio channel 6c76a435-8b75-4b89-8524-35b09797d140
[03:16:55] [AudioChannelThread-6c76a435-8b75-4b89-8524-35b09797d140/INFO]: [voicechat] Closed audio channel 6c76a435-8b75-4b89-8524-35b09797d140
[03:16:59] [Render thread/INFO]: [System] [CHAT] [MinecraftVideo] Video finished.
Clipboard copy at: 16 Jul 2026 03:17:40 +0200
